---
source: tests/game_board_tests.rs
expression: renderer.pop_snapshot()
---
|    +     |
|    +     |
|          |
|          |
|          |
|          |
|          |
|          |
|          |
|          |
|          |
|          |
|    x     |
|    x     |
|    x     |
|    x     |
|    x  x  |
|    x  x  |
|xxxxxxxxxx|
|xxxxxxxxxx|
------------
