---
source: tests/game_board_tests.rs
expression: renderer.pop_snapshot()
---
|          |
|          |
|          |
|     +    |
|    ++    |
|     +    |
|          |
|          |
|          |
|          |
|          |
|          |
|          |
|          |
|          |
|          |
|          |
|          |
|          |
|    xxxx  |
------------
