---
source: tests/game_board_tests.rs
expression: renderer.get_snapshot()
---
|          |
|          |
|          |
|++        |
|++        |
|          |
|          |
|          |
|          |
|          |
|          |
|          |
|          |
|          |
|          |
|          |
|          |
|          |
|          |
|          |
------------
